// Jest Snapshot v1, https://goo.gl/fbAQLP

exports[`CLI generates a parser given valid arguments generates the expected parser code 1`] = `
"const enolib = require('enolib');
const enotype = require('enotype');
const fs = require('fs');

enolib.register(enotype);

exports.parse = path => {
  const input = fs.readFileSync(path, 'utf-8');
  const _document = enolib.parse(input, { source: path });

  const document = {};
  document.empty = _document.requiredEmpty('empty') !== null;
  document.field = _document.requiredField('field').requiredStringValue();
  {
    const _fieldset = _document.requiredFieldset('fieldset');
    document.fieldset = {};
    document.fieldset.entry = _fieldset.requiredEntry('entry').requiredStringValue();
  }
  document.list = _document.requiredList('list').requiredStringValues();
  {
    document.section = {};
    const _section = _document.requiredSection('section');
    const section = document.section;
    section.field = _section.requiredField('field').requiredStringValue();
  }

  return document;
};"
`;

exports[`CLI generates a parser given valid arguments prints the expected stdout/stderr output 1`] = `
Array [
  Object {
    "stdout": "----------
Successfully generated javascript code at '/home/simon/enocli/specs/temp_output/cli_output.js'.

*** Usage ***
const { parse } = require('/home/simon/enocli/specs/temp_output/cli_output.js'); // require path might need adjustments for your project
const result = parse('my_document.eno');
",
  },
  Object {
    "code": 0,
  },
]
`;
