// Jest Snapshot v1, https://goo.gl/fbAQLP

exports[`analyze analyzes possible value types by inference 1`] = `
Object {
  "elements": Array [
    Object {
      "internalKey": "boolean",
      "key": "boolean",
      "parent": [Circular],
      "required": true,
      "type": "field",
      "valueRequired": true,
      "valueTypes": Array [
        "boolean",
        "json",
        "string",
      ],
    },
    Object {
      "internalKey": "color",
      "key": "color",
      "parent": [Circular],
      "required": true,
      "type": "field",
      "valueRequired": true,
      "valueTypes": Array [
        "color",
        "string",
      ],
    },
    Object {
      "internalKey": "date",
      "key": "date",
      "parent": [Circular],
      "required": true,
      "type": "field",
      "valueRequired": true,
      "valueTypes": Array [
        "date",
        "datetime",
        "string",
      ],
    },
    Object {
      "internalKey": "datetime",
      "key": "datetime",
      "parent": [Circular],
      "required": true,
      "type": "field",
      "valueRequired": true,
      "valueTypes": Array [
        "datetime",
        "string",
      ],
    },
    Object {
      "internalKey": "email",
      "key": "email",
      "parent": [Circular],
      "required": true,
      "type": "field",
      "valueRequired": true,
      "valueTypes": Array [
        "email",
        "string",
      ],
    },
    Object {
      "internalKey": "float",
      "key": "float",
      "parent": [Circular],
      "required": true,
      "type": "field",
      "valueRequired": true,
      "valueTypes": Array [
        "float",
        "json",
        "string",
      ],
    },
    Object {
      "internalKey": "integer",
      "key": "integer",
      "parent": [Circular],
      "required": true,
      "type": "field",
      "valueRequired": true,
      "valueTypes": Array [
        "integer",
        "float",
        "json",
        "string",
      ],
    },
    Object {
      "internalKey": "ipv4",
      "key": "ipv4",
      "parent": [Circular],
      "required": true,
      "type": "field",
      "valueRequired": true,
      "valueTypes": Array [
        "ipv4",
        "string",
      ],
    },
    Object {
      "internalKey": "lat_lng",
      "key": "lat_lng",
      "parent": [Circular],
      "required": true,
      "type": "field",
      "valueRequired": true,
      "valueTypes": Array [
        "lat_lng",
        "string",
      ],
    },
    Object {
      "internalKey": "json",
      "key": "json",
      "parent": [Circular],
      "required": true,
      "type": "field",
      "valueRequired": true,
      "valueTypes": Array [
        "json",
        "string",
      ],
    },
    Object {
      "internalKey": "url",
      "key": "url",
      "parent": [Circular],
      "required": true,
      "type": "field",
      "valueRequired": true,
      "valueTypes": Array [
        "url",
        "string",
      ],
    },
    Object {
      "internalKey": "float_list",
      "key": "float_list",
      "parent": [Circular],
      "required": true,
      "type": "list",
      "valueTypes": Array [
        "float",
        "json",
        "string",
      ],
      "valuesRequired": true,
    },
    Object {
      "internalKey": "datetime_list",
      "key": "datetime_list",
      "parent": [Circular],
      "required": true,
      "type": "list",
      "valueTypes": Array [
        "datetime",
        "string",
      ],
      "valuesRequired": true,
    },
    Object {
      "internalKey": "json_list",
      "key": "json_list",
      "parent": [Circular],
      "required": true,
      "type": "list",
      "valueTypes": Array [
        "json",
        "string",
      ],
      "valuesRequired": true,
    },
  ],
  "internalKey": "document",
  "required": true,
  "type": "section",
}
`;
